// Jest Snapshot v1, https://goo.gl/fbAQLP

exports[`Jobs Page should render the Jobs page 1`] = `
<section>
  This is the Jobs page.
</section>
`;
