// Jest Snapshot v1, https://goo.gl/fbAQLP

exports[`App renders 404 Not Found 1`] = `
<h1>
  404 NOT FOUND
</h1>
`;

exports[`App renders the app 1`] = `
<section
  class="grid__section min-h-screen bg-primary-bg"
>
  <button
    class="sc-bdfBwQ lfJroc"
  >
    Timeline
  </button>
</section>
`;
